// Jest Snapshot v1, https://goo.gl/fbAQLP

exports[`renders correctly 1`] = `
<div
  className="p-10 md:pl-10 bg-GreenLight md:pr-10 lg:pl-20 lg:pr-20"
>
  <h2
    className="text-center sm:text-xl md:text-2xl lg:text-4xl uppercase text-DarkTeal font-atkinson m-0 pl-6 pr-6"
  >
    the world's largest network of professional, licensed, accredited, and experienced therapists
  </h2>
  <div
    className="md:p-8 lg:p-0 max-w-2xl lg:max-w-none"
  >
    <div
      className="flex flex-wrap text-base font-semibold leading-7 text-white lg:space-x-10 md:space-x-5 space-x-5/2 items-center justify-evenly"
    >
      <div
        className="m-10 p-8"
      >
        <div
          className="group flip-card relative"
        >
          <div
            className="flip-card-inner flex flex-col items-center"
          >
            <div
              className="flip-card-front absolute w-32 h-32"
            >
              <img
                alt="Maria JR"
                className="w-full h-full object-cover rounded-full border text-center transform transition-transform duration-300"
                src="https://www.talkspace.com/blog/wp-content/uploads/2020/03/psychologist-psychiatrist-vs-therapist-1-800x500.jpg"
              />
            </div>
            <div
              className="flip-card-back absolute w-32 h-32 bg-white text-center flex flex-col justify-center rounded-full border text-center transform transition-transform duration-300 opacity-0 hover:opacity-100"
            >
              <span
                className="text-lg font-semibold text-black"
              >
                Maria JR
              </span>
            </div>
          </div>
        </div>
      </div>
      <div
        className="m-10 p-8"
      >
        <div
          className="group flip-card relative"
        >
          <div
            className="flip-card-inner flex flex-col items-center"
          >
            <div
              className="flip-card-front absolute w-32 h-32"
            >
              <img
                alt="Marris Adikwu"
                className="w-full h-full object-cover rounded-full border text-center transform transition-transform duration-300"
                src="https://www.talkspace.com/blog/wp-content/uploads/2020/06/Marris_Headshot-150x150.jpg"
              />
            </div>
            <div
              className="flip-card-back absolute w-32 h-32 bg-white text-center flex flex-col justify-center rounded-full border text-center transform transition-transform duration-300 opacity-0 hover:opacity-100"
            >
              <span
                className="text-lg font-semibold text-black"
              >
                Marris Adikwu
              </span>
            </div>
          </div>
        </div>
      </div>
      <div
        className="m-10 p-8"
      >
        <div
          className="group flip-card relative"
        >
          <div
            className="flip-card-inner flex flex-col items-center"
          >
            <div
              className="flip-card-front absolute w-32 h-32"
            >
              <img
                alt="Bisma Anwar"
                className="w-full h-full object-cover rounded-full border text-center transform transition-transform duration-300"
                src="https://www.talkspace.com/blog/wp-content/uploads/2020/09/Bisma_Circle-min-1-150x150.png"
              />
            </div>
            <div
              className="flip-card-back absolute w-32 h-32 bg-white text-center flex flex-col justify-center rounded-full border text-center transform transition-transform duration-300 opacity-0 hover:opacity-100"
            >
              <span
                className="text-lg font-semibold text-black"
              >
                Bisma Anwar
              </span>
            </div>
          </div>
        </div>
      </div>
      <div
        className="m-10 p-8"
      >
        <div
          className="group flip-card relative"
        >
          <div
            className="flip-card-inner flex flex-col items-center"
          >
            <div
              className="flip-card-front absolute w-32 h-32"
            >
              <img
                alt="Joseph Rauch"
                className="w-full h-full object-cover rounded-full border text-center transform transition-transform duration-300"
                src="https://www.talkspace.com/blog/wp-content/uploads/2020/01/Joseph-Rauch.png"
              />
            </div>
            <div
              className="flip-card-back absolute w-32 h-32 bg-white text-center flex flex-col justify-center rounded-full border text-center transform transition-transform duration-300 opacity-0 hover:opacity-100"
            >
              <span
                className="text-lg font-semibold text-black"
              >
                Joseph Rauch
              </span>
            </div>
          </div>
        </div>
      </div>
      <div
        className="m-10 p-8"
      >
        <div
          className="group flip-card relative"
        >
          <div
            className="flip-card-inner flex flex-col items-center"
          >
            <div
              className="flip-card-front absolute w-32 h-32"
            >
              <img
                alt="Jor-El Caraballo"
                className="w-full h-full object-cover rounded-full border text-center transform transition-transform duration-300"
                src="https://www.talkspace.com/blog/wp-content/uploads/2020/06/Jor-El-Caraballo-150x150.jpg"
              />
            </div>
            <div
              className="flip-card-back absolute w-32 h-32 bg-white text-center flex flex-col justify-center rounded-full border text-center transform transition-transform duration-300 opacity-0 hover:opacity-100"
            >
              <span
                className="text-lg font-semibold text-black"
              >
                Jor-El Caraballo
              </span>
            </div>
          </div>
        </div>
      </div>
    </div>
  </div>
  <div
    className="text-black lg:text-sm md:text-xs sm:text-xs text-left mx-auto mt-20 p-4 md:p-8 lg:p-10 max-w-2xl lg:max-w-none"
  >
    <p>
      Life can be tough sometimes. We all go through challenges that can make us feel overwhelmed, stressed, and anxious. When things are getting difficult, it's important to reach out for help. Therapy can be a great way to work through your challenges and improve your overall well-being. But traditional therapy can be inconvenient and expensive. That's where we come in. We offer a unique opportunity to access the world's largest network of licensed, accredited, and experienced therapists, all from the comfort of your own home. With us, you can get the same professionalism and quality care as you would expect from an in-office therapist, but with the ability to communicate whenever and however you want.
    </p>
  </div>
  <div
    className="flex justify-center m-4 md:m-6 lg:m-10 p-4"
  >
    <div
      className="relative inline-flex items-center justify-center px-6 py-3 overflow-hidden font-medium transition duration-300 ease-out border-2 border-Teal rounded-lg shadow-md group text-xl w-32 h-14 bg-white hover:cursor-pointer"
    >
      <span
        className="absolute inset-0 flex items-center justify-center w-full h-full text-white duration-300 -translate-x-full bg-Teal group-hover:translate-x-0 ease"
      >
        <svg
          className="w-6 h-6"
          fill="none"
          stroke="currentColor"
          viewBox="0 0 24 24"
          xmlns="http://www.w3.org/2000/svg"
        >
          <path
            d="M14 5l7 7m0 0l-7 7m7-7H3"
            strokeLinecap="round"
            strokeLinejoin="round"
            strokeWidth="2"
          />
        </svg>
      </span>
      <span
        className="absolute flex items-center justify-center w-full h-full text-Teal transition-all duration-300 transform group-hover:translate-x-full ease"
      />
      <span
        className="relative invisible"
      >
        $
      </span>
    </div>
  </div>
</div>
`;
