// Jest Snapshot v1, https://goo.gl/fbAQLP

exports[`renders correctly 1`] = `
<div
  className="container mx-auto p-12"
>
  <h2
    className="font-atkinson font-bold block text-DarkTeal text-center text-3xl md:text-4xl lg:text-2xl rtl:md:text-3xl  rtl:lg:text-4xl uppercase break-words"
  >
    Our Plan Options
  </h2>
  <p
    className=" uppercase font-atkinson font-bold text-center text-lg md:text-xl lg:text-3xl text-black mt-2"
  >
    purchase tickets that can be used to book appointments!
  </p>
  <div
    className="grid  sm:grid-cols-1 md:grid-cols-2 lg:grid-cols-3 gap-7 my-10 "
  />
  <div
    className="font-atkinson mt-20"
  >
    <h2
      className="font-normal block text-3xl md:text-4xl rtl:md:text-3xl  rtl:lg:text-4xl uppercase break-words"
    >
      Join our team
    </h2>
    <p
      className="uppercase text-lg md:text-xl text-black/70 my-2"
    >
      Are you a counselor?
    </p>
    <div
      className="bg-white/95 flex flex-col items-center justify-center text-center py-10 px-5 rounded-md space-y-6 shadow-2xl min-h-[20rem]"
    >
      <span
        className="sm:text-xl text-base text-black/80"
      >
        Interested in becoming a part of our revolutionary mental health platform? We offer you the freedom to set your own schedule and decide how much you want to work. Meanwhile, we take care of all the heavy lifting, from handling client referrals to managing all billing details. Join us and focus on what you do best – providing quality mental health services, while we ensure a seamless experience for both you and your clients.
      </span>
      <div>
        <a
          href="/requirements"
          onClick={[Function]}
          onMouseEnter={[Function]}
          onTouchStart={[Function]}
        >
          <button
            className="uppercase cursor-pointer py-2 px-3 text-lg rounded text-black/80 font-light bg-[#2DD3E3]"
          >
            Learn more
          </button>
        </a>
      </div>
    </div>
  </div>
</div>
`;
