// Jest Snapshot v1, https://goo.gl/fbAQLP

exports[`renders correctly 1`] = `
<div
  className="relative "
>
  <a
    className="mr-4 hover:underline md:mr-6 cursor-pointer p-8 mb-3  "
    onClick={[Function]}
  >
    footer.about
  </a>
  <div
    className="hidden absolute"
  >
    <div
      className="ml-6 "
    >
      <a
        className="mr-4 hover:underline md:mr-6 "
        href="#"
        onClick={[Function]}
        onMouseEnter={[Function]}
        onTouchStart={[Function]}
      >
        footer.aboutUs
      </a>
    </div>
    <div
      className="ml-6 text-dark"
    >
      <a
        className="mr-4 hover:underline md:mr-6 "
        href="#"
        onClick={[Function]}
        onMouseEnter={[Function]}
        onTouchStart={[Function]}
      >
        footer.team
      </a>
    </div>
  </div>
</div>
`;
