// Jest Snapshot v1, https://goo.gl/fbAQLP

exports[`renders correctly 1`] = `
<div
  style={
    Object {
      "overflow": "hidden",
      "position": "relative",
    }
  }
>
  <div
    style={
      Object {
        "opacity": 0,
        "transform": "translateY(75px) translateZ(0)",
      }
    }
  >
    <div
      className="h-auto lg:h-[355px]"
    >
      <div
        className="hover:scale-105 border border-gray p-1 h:44 w-56 lg:h-80 lg:w-60 rounded-3xl m-4 shadow-xl"
      >
        <div
          className="flex flex-col h-44 w-[2356x] rounded-[20px]  undefined "
        >
          <span
            className="text-6xl m-auto"
          />
          <h3
            className="mx-auto text-3xl font-atkinson font- mb-8"
          />
        </div>
        <p
          className="font-atkinson text-center p-6 text-lg text-gray-700"
        />
      </div>
    </div>
  </div>
</div>
`;
